// Jest Snapshot v1, https://goo.gl/fbAQLP

exports[`Pruebas en el componente TodoList Debe mostrarse correctamente  1`] = `
<Fragment>
  <ul
    className="list-group list-group-flush"
  >
    <TodoListItem
      handleDelete={[MockFunction]}
      handleToggle={[MockFunction]}
      i={0}
      key="1"
      todo={
        Object {
          "desc": "Aprender React",
          "done": false,
          "id": 1,
        }
      }
    />
    <TodoListItem
      handleDelete={[MockFunction]}
      handleToggle={[MockFunction]}
      i={1}
      key="2"
      todo={
        Object {
          "desc": "Aprender Mongo",
          "done": false,
          "id": 2,
        }
      }
    />
  </ul>
</Fragment>
`;
