// Jest Snapshot v1, https://goo.gl/fbAQLP

exports[`Pruebas en HookApp Debe mostarse correctamente 1`] = `
<div>
  <h1>
    Hola Zimba
  </h1>
</div>
`;
