// Jest Snapshot v1, https://goo.gl/fbAQLP

exports[`Pruebas en <AppRouter /> Debe mostrarse correctamente 1`] = `
<div>
  <nav
    className="navbar navbar-expand-lg navbar-dark bg-dark"
  >
    <div
      className="container-fluid"
    >
      <a
        aria-current="page"
        className="navbar-brand active"
        href="/"
        onClick={[Function]}
        style={Object {}}
      >
        Use Context
      </a>
      <div
        className="collapse navbar-collapse"
        id="navbarSupportedContent"
      >
        <ul
          className="navbar-nav me-auto mb-2 mb-lg-0"
        >
          <li
            className="nav-item"
          >
            <a
              aria-current="page"
              className="nav-link active active"
              href="/"
              onClick={[Function]}
              style={Object {}}
            >
              Home
            </a>
          </li>
          <li
            className="nav-item"
          >
            <a
              aria-current={null}
              className="nav-link"
              href="/about"
              onClick={[Function]}
            >
              About
            </a>
          </li>
          <li
            className="nav-item"
          >
            <a
              aria-current={null}
              className="nav-link"
              href="/login"
              onClick={[Function]}
            >
              Login
            </a>
          </li>
        </ul>
      </div>
    </div>
  </nav>
  <div
    className="container"
  >
    <div>
      <h1>
        Home Screen
      </h1>
      <hr />
      <pre>
        {
   "id": 1,
   "user": "alan"
}
      </pre>
    </div>
  </div>
</div>
`;
